[load] fetch 2023 + cache 2024-2026 (20-sym) …
  loaded BTC_USDT_SWAP: 31114 bars
  loaded ETH_USDT_SWAP: 31114 bars
  loaded SOL_USDT_SWAP: 31114 bars
  loaded BNB_USDT_SWAP: 31113 bars
  loaded XRP_USDT_SWAP: 31114 bars
  loaded DOGE_USDT_SWAP: 31114 bars
  loaded ADA_USDT_SWAP: 31113 bars
  loaded AVAX_USDT_SWAP: 31114 bars
  loaded LINK_USDT_SWAP: 31114 bars
  loaded DOT_USDT_SWAP: 31113 bars
  loaded LTC_USDT_SWAP: 31114 bars
  loaded TRX_USDT_SWAP: 26725 bars
  loaded ATOM_USDT_SWAP: 31113 bars
  loaded NEAR_USDT_SWAP: 31113 bars
  loaded APT_USDT_SWAP: 31114 bars
  loaded ARB_USDT_SWAP: 29375 bars
  loaded OP_USDT_SWAP: 31113 bars
  loaded SUI_USDT_SWAP: 28354 bars
  loaded ETC_USDT_SWAP: 26558 bars
  loaded XLM_USDT_SWAP: 26563 bars
[load] subset: 20
[bt] cage-trap trades 2023-2026: 671

==============================================================================
TEST 20 — CAGE TRAP (break below cage + reclaim -> fade back to center)
==============================================================================

[2024] n=153 win=31% PF@c=0.547 MAX DD=-0.8% prof-months=4/12
   2024-01  netR=  -0.23  LOSS
   2024-02  netR=  +0.05  OK
   2024-03  netR=  +0.01  OK
   2024-04  netR=  -0.05  LOSS
   2024-05  netR=  -0.09  LOSS
   2024-06  netR=  +0.04  OK
   2024-07  netR=  -0.06  LOSS
   2024-08  netR=  -0.16  LOSS
   2024-09  netR=  -0.19  LOSS
   2024-10  netR=  -0.00  LOSS
   2024-11  netR=  +0.06  OK
   2024-12  netR=  -0.15  LOSS

[2025] n=217 win=35% PF@c=0.668 MAX DD=-0.9% prof-months=3/12
   2025-01  netR=  -0.15  LOSS
   2025-02  netR=  -0.09  LOSS
   2025-03  netR=  -0.10  LOSS
   2025-04  netR=  -0.11  LOSS
   2025-05  netR=  -0.29  LOSS
   2025-06  netR=  -0.10  LOSS
   2025-07  netR=  -0.04  LOSS
   2025-08  netR=  +0.21  OK
   2025-09  netR=  -0.04  LOSS
   2025-10  netR=  +0.02  OK
   2025-11  netR=  -0.14  LOSS
   2025-12  netR=  +0.08  OK

[2026] n=170 win=28% PF@c=0.487 MAX DD=-0.9% prof-months=1/7
   2026-01  netR=  -0.06  LOSS
   2026-02  netR=  +0.04  OK
   2026-03  netR=  -0.55  LOSS
   2026-04  netR=  -0.01  LOSS
   2026-05  netR=  -0.15  LOSS
   2026-06  netR=  -0.06  LOSS
   2026-07  netR=  -0.02  LOSS

[FULL 2024-2026] n=671 PF@c=0.580

[done]
