[load] fetch 2023 + cache 2024-2026 (20-sym) …
  loaded BTC_USDT_SWAP: 31114 bars
  loaded ETH_USDT_SWAP: 31114 bars
  loaded SOL_USDT_SWAP: 31114 bars
  loaded BNB_USDT_SWAP: 31113 bars
  loaded XRP_USDT_SWAP: 31114 bars
  loaded DOGE_USDT_SWAP: 31114 bars
  loaded ADA_USDT_SWAP: 31113 bars
  loaded AVAX_USDT_SWAP: 31114 bars
  loaded LINK_USDT_SWAP: 31114 bars
  loaded DOT_USDT_SWAP: 31113 bars
  loaded LTC_USDT_SWAP: 31114 bars
  loaded TRX_USDT_SWAP: 26725 bars
  loaded ATOM_USDT_SWAP: 31113 bars
  loaded NEAR_USDT_SWAP: 31113 bars
  loaded APT_USDT_SWAP: 31114 bars
  loaded ARB_USDT_SWAP: 29375 bars
  loaded OP_USDT_SWAP: 31113 bars
  loaded SUI_USDT_SWAP: 28354 bars
  loaded ETC_USDT_SWAP: 26558 bars
  loaded XLM_USDT_SWAP: 26563 bars
[load] subset: 20
[bt] cage trades 2023-2026: 1357

==============================================================================
TEST 19 — CAGE mechanism (EMA50 +/- 2.5*ATR band, fade trapped lower wall)
==============================================================================

[2024] n=353 win=16% PF@c=0.477 MAX DD=-1.3% prof-months=1/12
   2024-01  netR=  -0.20  LOSS
   2024-02  netR=  -0.07  LOSS
   2024-03  netR=  +0.05  OK
   2024-04  netR=  -0.10  LOSS
   2024-05  netR=  -0.06  LOSS
   2024-06  netR=  -0.08  LOSS
   2024-07  netR=  -0.12  LOSS
   2024-08  netR=  -0.22  LOSS
   2024-09  netR=  -0.14  LOSS
   2024-10  netR=  -0.12  LOSS
   2024-11  netR=  -0.07  LOSS
   2024-12  netR=  -0.12  LOSS

[2025] n=408 win=21% PF@c=0.713 MAX DD=-1.0% prof-months=3/12
   2025-01  netR=  -0.16  LOSS
   2025-02  netR=  -0.19  LOSS
   2025-03  netR=  -0.04  LOSS
   2025-04  netR=  -0.19  LOSS
   2025-05  netR=  -0.28  LOSS
   2025-06  netR=  -0.00  LOSS
   2025-07  netR=  -0.03  LOSS
   2025-08  netR=  +0.17  OK
   2025-09  netR=  -0.06  LOSS
   2025-10  netR=  +0.10  OK
   2025-11  netR=  -0.25  LOSS
   2025-12  netR=  +0.16  OK

[2026] n=364 win=18% PF@c=0.565 MAX DD=-1.0% prof-months=1/7
   2026-01  netR=  -0.00  LOSS
   2026-02  netR=  -0.17  LOSS
   2026-03  netR=  -0.50  LOSS
   2026-04  netR=  -0.01  LOSS
   2026-05  netR=  -0.17  LOSS
   2026-06  netR=  -0.04  LOSS
   2026-07  netR=  +0.01  OK

[FULL 2024-2026] n=1357 PF@c=0.613

[done]
