[load] 73-sym 1H cache …
[load] symbols: 71
[signals] A∪B raw trades 2024-2026: 948
[ensemble] champion trades 2025-2026: 413

==============================================================================
ENSEMBLE A∪B — SVM q0.65 + adaptive VolCeil (73-sym, 2025/2026)
==============================================================================

[2025] n=225 win=50% PF@cost=1.292 ret(1% risk)=+40.5% MDD=-31.1%
     month    n   win%     netR  prof?
  2025-01      5    20%    -2.79   LOSS
  2025-02     28    29%    -9.79   LOSS
  2025-03      7    29%    -2.54   LOSS
  2025-04      5    60%    +1.97     OK
  2025-05     20    35%    -4.30   LOSS
  2025-06     33    27%   -13.84   LOSS
  2025-07      1   100%    +1.44     OK
  2025-08     26    69%   +16.65     OK
  2025-09     14    57%    +4.53     OK
  2025-10     49    86%   +51.92     OK
  2025-11     21    19%   -12.37   LOSS
  2025-12     16    56%    +4.87     OK

[2026] n=188 win=43% PF@cost=0.924 ret(1% risk)=-10.1% MDD=-34.4%
     month    n   win%     netR  prof?
  2026-01     58    52%   +11.52     OK
  2026-02     17    29%    -5.99   LOSS
  2026-03     24    42%    -2.13   LOSS
  2026-04     13    69%    +7.82     OK
  2026-05     50    38%    -8.80   LOSS
  2026-06     17    18%   -11.42   LOSS
  2026-07      9    44%    -0.16   LOSS

[FULL 2025-2026] n=413 ret(1% risk)=+26.3% MDD=-34.4% profitable-months across period shown above

[done]
