[fetch] saving 2023-2026 merged series to quantlab_cache_2023/ (resume-safe)
  saved BTC_USDT_SWAP: 31133 bars (2023-01-10 -> 2026-07-30)  [1/30]
  saved ETH_USDT_SWAP: 31133 bars (2023-01-10 -> 2026-07-30)  [2/30]
  saved SOL_USDT_SWAP: 31133 bars (2023-01-10 -> 2026-07-30)  [3/30]
  saved BNB_USDT_SWAP: 31132 bars (2023-01-10 -> 2026-07-30)  [4/30]
  saved XRP_USDT_SWAP: 31133 bars (2023-01-10 -> 2026-07-30)  [5/30]
  saved DOGE_USDT_SWAP: 31133 bars (2023-01-10 -> 2026-07-30)  [6/30]
  saved ADA_USDT_SWAP: 31132 bars (2023-01-10 -> 2026-07-30)  [7/30]
  saved AVAX_USDT_SWAP: 31133 bars (2023-01-10 -> 2026-07-30)  [8/30]
  saved LINK_USDT_SWAP: 31133 bars (2023-01-10 -> 2026-07-30)  [9/30]
  saved DOT_USDT_SWAP: 31132 bars (2023-01-10 -> 2026-07-30)  [10/30]
  saved LTC_USDT_SWAP: 31133 bars (2023-01-10 -> 2026-07-30)  [11/30]
  saved TRX_USDT_SWAP: 26744 bars (2023-07-12 -> 2026-07-30)  [12/30]
  saved ATOM_USDT_SWAP: 31132 bars (2023-01-10 -> 2026-07-30)  [13/30]
  saved NEAR_USDT_SWAP: 31132 bars (2023-01-10 -> 2026-07-30)  [14/30]
  saved APT_USDT_SWAP: 31133 bars (2023-01-10 -> 2026-07-30)  [15/30]
  saved ARB_USDT_SWAP: 29394 bars (2023-03-23 -> 2026-07-30)  [16/30]
  saved OP_USDT_SWAP: 31132 bars (2023-01-10 -> 2026-07-30)  [17/30]
  saved SUI_USDT_SWAP: 28373 bars (2023-05-05 -> 2026-07-30)  [18/30]
  saved ETC_USDT_SWAP: 26577 bars (2023-07-18 -> 2026-07-30)  [19/30]
  saved XLM_USDT_SWAP: 26582 bars (2023-07-18 -> 2026-07-30)  [20/30]
  saved FIL_USDT_SWAP: 31132 bars (2023-01-10 -> 2026-07-30)  [21/30]
  saved INJ_USDT_SWAP: 23349 bars (2023-11-30 -> 2026-07-30)  [22/30]
  saved AXS_USDT_SWAP: 26569 bars (2023-07-18 -> 2026-07-30)  [23/30]
  saved SAND_USDT_SWAP: 26546 bars (2023-07-18 -> 2026-07-30)  [24/30]
  saved FET_USDT_SWAP: 17372 bars (2024-08-05 -> 2026-07-29)  [25/30]
  saved GRT_USDT_SWAP: 26498 bars (2023-07-18 -> 2026-07-30)  [26/30]
  saved HBAR_USDT_SWAP: 25899 bars (2023-08-16 -> 2026-07-30)  [27/30]
  saved IMX_USDT_SWAP: 26534 bars (2023-07-18 -> 2026-07-30)  [28/30]
  saved COMP_USDT_SWAP: 26158 bars (2023-07-18 -> 2026-07-30)  [29/30]
  saved AAVE_USDT_SWAP: 26582 bars (2023-07-18 -> 2026-07-30)  [30/30]
[fetch] done. 30/30 symbols saved to quantlab_cache_2023/
