[load] fetch 2023 + cache 2024-2026 for subset …
[load] subset: 30
[signals] RAW trades 2023-2026: 387

================================================================================================
SWEET-SPOT HUNT incl 2023 (train 2023 -> test 2024/25/26)  PF@cost per year
================================================================================================
    q  VolC  brd |      2024      2025      2026 | survive?
 0.55  None False | 0.883(n56) 1.825(n85) 1.891(n53) |  no
 0.55  None True |      -    3.363(n43) 0.865(n19) |  no
 0.55    70 False | 1.061(n44) 2.377(n75) 0.845(n32) |  no
 0.55    70 True |      -         -    1.038(n15) |  no
 0.65  None False | 0.580(n64) 2.011(n108) 1.628(n58) |  no
 0.65  None True |      -    2.949(n46) 1.104(n23) |  no
 0.65    70 False | 1.027(n47) 2.354(n83) 0.828(n35) |  no
 0.65    70 True |      -         -    0.823(n17) |  no
 0.75  None False | 0.818(n74) 1.876(n111) 1.523(n67) |  no
 0.75  None True |      -    2.310(n50) 1.104(n23) |  no
 0.75    70 False | 1.035(n51) 1.952(n89) 0.755(n37) |  no
 0.75    70 True |      -         -    1.077(n19) |  no
 0.85  None False | 0.807(n80) 1.833(n112) 1.493(n73) |  no
 0.85  None True |      -    2.455(n52) 1.208(n26) |  no
 0.85    70 False | 0.864(n57) 1.899(n90) 0.734(n40) |  no
 0.85    70 True |      -         -    0.903(n21) |  no

=== SURVIVORS (PF@cost > 1 in 2024 AND 2025 AND 2026) ===
  (none survived all three years)

[done]
