[load] 73-symbol 1H cache (2024-2026) …
[load] symbols with features: 71
[signals] RAW trades: 453

================================================================================================
FILTER SWEET-SPOT HUNT — per-year walk-forward (PF@cost per year; * = survives ALL years)
================================================================================================
    q VolCeil brd50 | 2024 PF@c 2025 PF@c 2026 PF@c | survive?
 0.55    None False |      -    2.075(n146) 1.240(n111) |  no
 0.55    None  True |      -         -    0.791(n40) |  no
 0.55      70 False |      -    2.370(n109) 1.380(n83) |  no
 0.55      70  True |      -         -    0.903(n32) |  no
 0.65    None False |      -    1.785(n162) 1.212(n120) |  no
 0.65    None  True |      -         -    0.827(n49) |  no
 0.65      70 False |      -    2.226(n113) 1.416(n95) |  no
 0.65      70  True |      -         -    0.943(n36) |  no
 0.75    None False |      -    1.712(n170) 1.255(n128) |  no
 0.75    None  True |      -         -    0.743(n52) |  no
 0.75      70 False |      -    2.325(n119) 1.368(n102) |  no
 0.75      70  True |      -         -    1.014(n41) |  no
 0.85    None False |      -    1.775(n183) 1.203(n139) |  no
 0.85    None  True |      -         -    0.861(n55) |  no
 0.85      70 False |      -    2.172(n130) 1.197(n111) |  no
 0.85      70  True |      -         -    1.024(n43) |  no

=== SURVIVORS (PF@cost > 1 in EVERY year 2024-2026) ===
  (none — no single config beats PF@cost 1.0 in all three years)

[done]
