[load] forex 1H via Deriv …
  frxEURUSD …
    frxEURUSD: 6039 bars 2025-09-04..2026-09-03
  frxGBPUSD …
    frxGBPUSD: 6039 bars 2025-09-04..2026-09-03
  frxUSDCHF …
    frxUSDCHF: 6039 bars 2025-09-04..2026-09-03
  frxEURGBP …
    frxEURGBP: 6039 bars 2025-09-04..2026-09-03
  frxNZDUSD …
    frxNZDUSD: 6039 bars 2025-09-04..2026-09-03
  frxAUDUSD …
    frxAUDUSD: 6038 bars 2025-09-04..2026-09-03
  frxUSDCAD …
    frxUSDCAD: 6039 bars 2025-09-04..2026-09-03
  frxUSDJPY …
    frxUSDJPY: 6039 bars 2025-09-04..2026-09-03
[signals] donchian trend + Family-A MR …
  MR raw signals on forex: 0

--- FOREX 1H SPOT (T25/T27 methodology) ---
  TREND (T25): n=108 PF=1.099 DD=-0.0% prof-months=3/6
  COMBINED: MR silent on forex 1H -> TREND-only edge (T25 transfers, MR does not)
[done]
