[load] building universe + features (fresh OKX top-up) …
[load] symbols=71  total RAW trades=473

==========================================================================
BASELINE — SVM q0.75 (train pre-2026, test 2026)
==========================================================================

[SVM q0.75 (current champion)]
  n=144  WR=50.7%  PF=1.542  PF@0.05%=1.247  MDD=-17.5%  prof-months=75.0%  worst=2  t/mo=18.6

==========================================================================
#2 STACKING — SVM q0.75 + breadth50 + VolCeil (2026)
==========================================================================

[STACK (SVM ∩ breadth50 ∩ VolCeil)]
  n=42  WR=47.6%  PF=1.364  PF@0.05%=1.056  MDD=-6.8%  prof-months=42.9%  worst=4  t/mo=5.8

==========================================================================
#3 Q-SWEEP on 2026 (keep-threshold from pre-2026 train preds)
==========================================================================
      q     n    WR      PF    PF@c  prof%   t/mo
   0.55   118   51%   1.552   1.261    62%   15.3
   0.65   134   52%   1.641   1.327    75%   17.3
   0.75   155   50%   1.519   1.233    75%   20.0
   0.85   167   49%   1.413   1.149    75%   21.6
   0.95   169   48%   1.381   1.124    75%   21.9
   1.00   172   48%   1.367   1.114    62%   21.8
  -> best q by PF@cost = 0.65

==========================================================================
#4 CROSS-REGIME — train 2024 ONLY, test 2025+2026 (stricter OOS)
==========================================================================

[SVM q0.75 (train 2024, test 2025+2026)]
  n=322  WR=52.8%  PF=1.678  PF@0.05%=1.404  MDD=-22.0%  prof-months=65.0%  worst=2  t/mo=16.3

  #4b cross-regime q-sweep (threshold from 2024 train preds)
      q     n    WR      PF    PF@c  prof%   t/mo
   0.55   268   56%   1.936   1.627    60%   13.5
   0.65   305   54%   1.745   1.463    65%   15.4
   0.75   305   54%   1.745   1.463    65%   15.4
   0.85   305   54%   1.745   1.463    65%   15.4
   0.95   334   53%   1.691   1.415    60%   16.9
   1.00   360   53%   1.714   1.436    65%   18.2

[done]
