[load] fetch 2023 + cache 2024-2026 (20-sym) …
  loaded BTC_USDT_SWAP: 31113 bars
  loaded ETH_USDT_SWAP: 31113 bars
  loaded SOL_USDT_SWAP: 31113 bars
  loaded BNB_USDT_SWAP: 31112 bars
  loaded XRP_USDT_SWAP: 31113 bars
  loaded DOGE_USDT_SWAP: 31113 bars
  loaded ADA_USDT_SWAP: 31112 bars
  loaded AVAX_USDT_SWAP: 31113 bars
  loaded LINK_USDT_SWAP: 31113 bars
  loaded DOT_USDT_SWAP: 31112 bars
  loaded LTC_USDT_SWAP: 31113 bars
  loaded TRX_USDT_SWAP: 26724 bars
  loaded ATOM_USDT_SWAP: 31112 bars
  loaded NEAR_USDT_SWAP: 31112 bars
  loaded APT_USDT_SWAP: 31113 bars
  loaded ARB_USDT_SWAP: 29374 bars
  loaded OP_USDT_SWAP: 31112 bars
  loaded SUI_USDT_SWAP: 28353 bars
  loaded ETC_USDT_SWAP: 26557 bars
  loaded XLM_USDT_SWAP: 26562 bars
[load] subset: 20
[bt] MR champion=90  Trend champion=2591

==================================================================================
PORTFOLIO (TREND-WEIGHTED 70%/30%, risk 0.7%/0.3%)
==================================================================================

[2024] n=1093 win=37% PF@c=1.400 ret(1%)=+3.3% MAX DD=-0.5% prof-months=7/12
   2024-01  netR=  -0.90  LOSS
   2024-02  netR=  +0.80  OK
   2024-03  netR=  -0.15  LOSS
   2024-04  netR=  +0.10  OK
   2024-05  netR=  -0.28  LOSS
   2024-06  netR=  +1.30  OK
   2024-07  netR=  +0.36  OK
   2024-08  netR=  +0.24  OK
   2024-09  netR=  -0.02  LOSS
   2024-10  netR=  -0.22  LOSS
   2024-11  netR=  +2.62  OK
   2024-12  netR=  +0.51  OK

[2025] n=1052 win=34% PF@c=1.318 ret(1%)=+1.4% MAX DD=-0.8% prof-months=6/12
   2025-01  netR=  +0.36  OK
   2025-02  netR=  -0.92  LOSS
   2025-03  netR=  -0.11  LOSS
   2025-04  netR=  +1.26  OK
   2025-05  netR=  +0.73  OK
   2025-06  netR=  -0.28  LOSS
   2025-07  netR=  +0.62  OK
   2025-08  netR=  -0.18  LOSS
   2025-09  netR=  -0.10  LOSS
   2025-10  netR=  +0.07  OK
   2025-11  netR=  -0.03  LOSS
   2025-12  netR=  +1.38  OK

[2026] n=536 win=43% PF@c=1.813 ret(1%)=+1.1% MAX DD=-0.3% prof-months=5/7
   2026-01  netR=  +0.30  OK
   2026-02  netR=  +0.01  OK
   2026-03  netR=  -0.08  LOSS
   2026-04  netR=  -0.07  LOSS
   2026-05  netR=  +1.17  OK
   2026-06  netR=  +0.04  OK
   2026-07  netR=  +0.15  OK

[FULL 2024-2026] PF@c=1.294 ret(1%)=+5.8% MAX DD=-0.8%

[done]
