[load] fetch 2023 + cache 2024-2026 (20-sym) …
  loaded BTC_USDT_SWAP: 31113 bars
  loaded ETH_USDT_SWAP: 31113 bars
  loaded SOL_USDT_SWAP: 31113 bars
  loaded BNB_USDT_SWAP: 31112 bars
  loaded XRP_USDT_SWAP: 31113 bars
  loaded DOGE_USDT_SWAP: 31113 bars
  loaded ADA_USDT_SWAP: 31112 bars
  loaded AVAX_USDT_SWAP: 31113 bars
  loaded LINK_USDT_SWAP: 31113 bars
  loaded DOT_USDT_SWAP: 31112 bars
  loaded LTC_USDT_SWAP: 31113 bars
  loaded TRX_USDT_SWAP: 26724 bars
  loaded ATOM_USDT_SWAP: 31112 bars
  loaded NEAR_USDT_SWAP: 31112 bars
  loaded APT_USDT_SWAP: 31113 bars
  loaded ARB_USDT_SWAP: 29374 bars
  loaded OP_USDT_SWAP: 31112 bars
  loaded SUI_USDT_SWAP: 28353 bars
  loaded ETC_USDT_SWAP: 26557 bars
  loaded XLM_USDT_SWAP: 26562 bars
[load] subset: 20
[bt] MR trades=90  Trend trades=3939

====================================================================================
MULTI-STRATEGY PORTFOLIO: MR(SVM) + Trend(Donchian), 50/50, 0.5% risk each
====================================================================================

[2024] PF@cost=0.941 ret(1% equiv)=-0.5% MAX DD=-1.7% prof-months=6/12
   2024-01  netR=  -2.55  LOSS
   2024-02  netR=  +2.02  OK
   2024-03  netR=  -0.94  LOSS
   2024-04  netR=  +0.74  OK
   2024-05  netR=  -1.92  LOSS
   2024-06  netR=  +3.93  OK
   2024-07  netR=  -1.22  LOSS
   2024-08  netR=  +0.07  OK
   2024-09  netR=  -2.31  LOSS
   2024-10  netR=  -1.85  LOSS
   2024-11  netR=  +1.04  OK
   2024-12  netR=  +1.25  OK

[2025] PF@cost=1.156 ret(1% equiv)=+0.9% MAX DD=-1.4% prof-months=6/12
   2025-01  netR=  -0.15  LOSS
   2025-02  netR=  -2.93  LOSS
   2025-03  netR=  -0.21  LOSS
   2025-04  netR=  +2.99  OK
   2025-05  netR=  +1.23  OK
   2025-06  netR=  -1.28  LOSS
   2025-07  netR=  +1.25  OK
   2025-08  netR=  -0.51  LOSS
   2025-09  netR=  -2.14  LOSS
   2025-10  netR=  +0.07  OK
   2025-11  netR=  +0.03  OK
   2025-12  netR=  +5.16  OK

[2026] PF@cost=0.691 ret(1% equiv)=-0.4% MAX DD=-0.4% prof-months=2/7
   2026-01  netR=  +0.06  OK
   2026-02  netR=  -0.12  LOSS
   2026-03  netR=  -0.61  LOSS
   2026-04  netR=  -0.70  LOSS
   2026-05  netR=  +0.59  OK
   2026-06  netR=  -0.43  LOSS
   2026-07  netR=  -0.29  LOSS

[FULL 2024-2026] PF@cost=0.966 ret(1% equiv)=-0.6% MAX DD=-2.1%

[done]
