[load] fetch 2023 + cache 2024-2026 for 20-sym subset …
  loaded BTC_USDT_SWAP: 31133 bars (2023-01-10 -> 2026-07-30)
  loaded ETH_USDT_SWAP: 31133 bars (2023-01-10 -> 2026-07-30)
  loaded SOL_USDT_SWAP: 31133 bars (2023-01-10 -> 2026-07-30)
  loaded BNB_USDT_SWAP: 31132 bars (2023-01-10 -> 2026-07-30)
  loaded XRP_USDT_SWAP: 31133 bars (2023-01-10 -> 2026-07-30)
  loaded DOGE_USDT_SWAP: 31133 bars (2023-01-10 -> 2026-07-30)
  loaded ADA_USDT_SWAP: 31132 bars (2023-01-10 -> 2026-07-30)
  loaded AVAX_USDT_SWAP: 31133 bars (2023-01-10 -> 2026-07-30)
  loaded LINK_USDT_SWAP: 31133 bars (2023-01-10 -> 2026-07-30)
  loaded DOT_USDT_SWAP: 31132 bars (2023-01-10 -> 2026-07-30)
  loaded LTC_USDT_SWAP: 31133 bars (2023-01-10 -> 2026-07-30)
  loaded TRX_USDT_SWAP: 26744 bars (2023-07-12 -> 2026-07-30)
  loaded ATOM_USDT_SWAP: 31132 bars (2023-01-10 -> 2026-07-30)
  loaded NEAR_USDT_SWAP: 31132 bars (2023-01-10 -> 2026-07-30)
  loaded APT_USDT_SWAP: 31133 bars (2023-01-10 -> 2026-07-30)
  loaded ARB_USDT_SWAP: 29394 bars (2023-03-23 -> 2026-07-30)
  loaded OP_USDT_SWAP: 31132 bars (2023-01-10 -> 2026-07-30)
  loaded SUI_USDT_SWAP: 28373 bars (2023-05-05 -> 2026-07-30)
  loaded ETC_USDT_SWAP: 26577 bars (2023-07-18 -> 2026-07-30)
  loaded XLM_USDT_SWAP: 26582 bars (2023-07-18 -> 2026-07-30)
[load] subset: 20
[bt] total trend trades 2023-2026: 3943

==================================================================================
NEW HYPOTHESIS: Trend-following (Donchian 20/10, ATRx2 stop) — 1H crypto
==================================================================================

[2024] trades=1192 win=29% PF@cost=1.040 ret(1%)=+0.7% MAX DD=-4.3% prof-months=7/12
   2024-01  netR=  -0.92  LOSS
   2024-02  netR=  -0.55  LOSS
   2024-03  netR=  -1.50  LOSS
   2024-04  netR=  -0.87  LOSS
   2024-05  netR=  +0.01  OK
   2024-06  netR=  -0.23  LOSS
   2024-07  netR=  +0.30  OK
   2024-08  netR=  +0.58  OK
   2024-09  netR=  +0.41  OK
   2024-10  netR=  +0.00  OK
   2024-11  netR=  +3.30  OK
   2024-12  netR=  +0.21  OK

[2025] trades=1119 win=30% PF@cost=1.088 ret(1%)=+1.3% MAX DD=-2.9% prof-months=5/12
   2025-01  netR=  +0.16  OK
   2025-02  netR=  -1.02  LOSS
   2025-03  netR=  -0.48  LOSS
   2025-04  netR=  +0.31  OK
   2025-05  netR=  +1.63  OK
   2025-06  netR=  -0.58  LOSS
   2025-07  netR=  +2.85  OK
   2025-08  netR=  +0.84  OK
   2025-09  netR=  -0.43  LOSS
   2025-10  netR=  -0.79  LOSS
   2025-11  netR=  -0.74  LOSS
   2025-12  netR=  -0.39  LOSS

[2026] trades=625 win=28% PF@cost=0.892 ret(1%)=-0.8% MAX DD=-2.4% prof-months=3/7
   2026-01  netR=  +1.15  OK
   2026-02  netR=  +0.39  OK
   2026-03  netR=  -0.91  LOSS
   2026-04  netR=  -1.03  LOSS
   2026-05  netR=  +0.14  OK
   2026-06  netR=  -0.32  LOSS
   2026-07  netR=  -0.24  LOSS

[FULL 2024-2026] trades=3943 PF@cost=1.001 ret(1%)=+0.0% MAX DD=-6.5%

[done]
